00000000: 0f10 0000 0000 0000 4142 4344 0000 0000  ........ABCD....
00000010: beef 0000 0000 0000 1000 0000 0000 0000  ................
