00000000: 0000 0000 0000 0000 1101 0000 0000 0000  ................
00000010: 1100 0000 0000 0000 0100 0000 0000 0000  ................
