00000000: 0000 0000 0000 0000 0000 0000 0000 0000  ................
00000010: 4557 32c0 b3cf ab40                      EW2....@
