00000000: 0000 0000 0000 0000 0100 0000 0000 0000  ................
00000010: 0100 0000 0000 0000 0100 0000 0000 0000  ................
00000020: 0100 0000 0000 0000                      ........
