00000000: 1300 0000 0000 0000 3714 0000 0000 0000  ........7.......
00000010: 0000 0000 0000 0000 0200 0000 0000 0000  ................
