00000000: ba13 0000 0000 0000 0000 0000 0000 0000  ................
